// Jest Snapshot v1, https://goo.gl/fbAQLP

exports[`should render <FlatList.Item> 1`] = `
.c0:not(:last-child) {
  margin-bottom: 0.5rem;
}

.c0:not(:last-child) {
  margin-right: 0.5rem;
}

<li
  className="c0"
/>
`;

exports[`should render <FlatList> 1`] = `
.c0 {
  list-style-type: none;
  margin: 0;
  padding: 0;
  display: -webkit-box;
  display: -webkit-flex;
  display: -ms-flexbox;
  display: flex;
}

<ul
  className="c0"
/>
`;
