// Jest Snapshot v1, https://goo.gl/fbAQLP

exports[`should render 1`] = `
.c0 {
  max-width: 100%;
}

<img
  className="c0"
/>
`;
