// Jest Snapshot v1, https://goo.gl/fbAQLP

exports[`should render 1`] = `
.c0 {
  border-style: solid;
  border-color: rgba(216,216,216,0.5);
  border-width: 1px;
  background-color: rgba(255,255,255,0.7);
  box-shadow: 0 3px 0 rgba(165,165,165,0.35);
  font-weight: 500;
  padding: 0.5rem;
}

.c0::-webkit-input-placeholder {
  font-weight: 400;
}

.c0::-moz-placeholder {
  font-weight: 400;
}

.c0:-ms-input-placeholder {
  font-weight: 400;
}

.c0:-moz-placeholder {
  font-weight: 400;
}

<input
  className="c0"
/>
`;
