// Jest Snapshot v1, https://goo.gl/fbAQLP

exports[`should render 1`] = `
.c0 {
  margin: 0 auto;
  max-width: 64rem;
  padding: 0px 1.0875rem 1.45rem;
}

<div
  className="c0"
/>
`;
