// Jest Snapshot v1, https://goo.gl/fbAQLP

exports[`should render 1`] = `
.c1 {
  position: relative;
  z-index: 2;
  padding: 0.5rem 1.25rem 0.5rem 0.5rem;
  -webkit-appearance: none;
  -moz-appearance: none;
  appearance: none;
  background-color: transparent;
  border: none;
}

.c0 {
  position: relative;
  display: inline-block;
  border: 1px solid rgb(193,193,193);
  font-weight: 400;
  background-color: #fff;
}

.c0::after {
  content: '';
  position: absolute;
  top: 50%;
  right: 0.5rem;
  -webkit-transform: translateY(-50%);
  -ms-transform: translateY(-50%);
  transform: translateY(-50%);
  width: 0;
  height: 0;
  border-left: 3px solid transparent;
  border-right: 3px solid transparent;
  border-top: 4px solid #424141;
}

<span
  className="c0"
>
  <select
    className="c1"
  />
</span>
`;
