// Jest Snapshot v1, https://goo.gl/fbAQLP

exports[`should render 1`] = `
.c0 {
  font-size: 10vw;
  line-height: 1.5;
}

@media (max-width:10rem) {
  .c0 {
    font-size: 1rem;
  }
}

@media (min-width:8.125rem) {
  .c0 {
    font-size: 0.8125rem;
  }
}

<small
  className="c0"
/>
`;
