// Jest Snapshot v1, https://goo.gl/fbAQLP

exports[`should render 1`] = `
.c0 {
  border: 1px solid rgb(193,193,193);
  font-weight: 500;
  background-color: #fff;
  padding: 0.5rem;
}

<textarea
  className="c0"
/>
`;
