// Jest Snapshot v1, https://goo.gl/fbAQLP

exports[`should render 1`] = `
.c0 {
  font-size: 10vw;
  line-height: 1.1;
}

@media (max-width:10rem) {
  .c0 {
    font-size: 1rem;
  }
}

@media (min-width:23.685930369999998rem) {
  .c0 {
    font-size: 2.3685930369999997rem;
  }
}

<h2
  className="c0"
/>
`;
